[0-    0.000000] Linux version 6.1.72-gentoo (gcc version 12.3.0) #1 SMP PREEMPT
[0-    0.000000] Command line: BOOT_IMAGE=/boot/vmlinuz-6.1.72 root=/dev/sda2 ro quiet
[0-    0.000000] BIOS-provided physical RAM map:
[0-    0.000000] ACPI: RSDP 0x00000000000F05B0 000024 (v02 BOCHS )
[0-    0.000000] ACPI: IRQ0 used by override.
[0-    0.000000] PCI: Using configuration type 1 for base access
[1-    0.012345] Initializing cgroup subsys cpuset
[1-    0.012348] Initializing cgroup subsys cpu
[0-    0.023451] ACPI: bus type PCI registered
[0-    0.031200] PCI host bridge to bus 0000:00
[2-    0.045678] clocksource: tsc-early: mask: 0xffffffffffffffff max_cycles: 0x3b0962a0f8e
[0-    0.055123] NET: Registered PF_INET protocol family
[1-    0.063400] NET: Registered PF_INET6 protocol family
[0-    0.072100] SCSI subsystem initialized
[3-    0.082300] libata version 3.00 loaded.
[0-    0.091500] ata1: SATA max UDMA/133 abar m2048@0xfebd9000 port 0xfebd9100 irq 26
[0-    0.091510] ata2: SATA max UDMA/133 abar m2048@0xfebd9000 port 0xfebd9180 irq 26
[1-    0.105600] ata1: SATA link up 6.0 Gbps (SStatus 133 SControl 300)
[1-    0.115900] ata1.00: ATA-11: Samsung SSD 870 EVO 500GB, SVT21B6Q, max UDMA/133
[1-    0.116000] ata1.00: 976773168 sectors, multi 1: LBA48 NCQ (depth 32), AA
[1-    0.126400] ata1.00: configured for UDMA/133
[2-    0.136700] ata2: SATA link up 3.0 Gbps (SStatus 123 SControl 300)
[2-    0.147200] ata2.00: ATA-8: WDC WD10EZEX-08WN4A0, 80.00A80, max UDMA/133
[2-    0.147210] ata2.00: 1953525168 sectors, multi 16: LBA48 NCQ (depth 32)
[2-    0.157600] ata2.00: configured for UDMA/133
[0-    0.168000] scsi 0:0:0:0: Direct-Access     ATA      Samsung SSD 870  SVT2 PQ: 0 ANSI: 5
[0-    0.168100] scsi 1:0:0:0: Direct-Access     ATA      WDC WD10EZEX-08W 80.0 PQ: 0 ANSI: 5
[0-    0.180300] sd 0:0:0:0: [sda] 976773168 512-byte logical blocks: (500 GB/466 GiB)
[0-    0.180500] sd 1:0:0:0: [sdb] 1953525168 512-byte logical blocks: (1.00 TB/931 GiB)
[0-    0.190700] sd 0:0:0:0: [sda] Write Protect is off
[1-    0.200100] EXT4-fs (sda2): mounted filesystem with ordered data mode
[0-    0.215300] NET: Registered PF_PACKET protocol family
[1-    0.225600] audit: initializing netlink subsys (disabled)
[0-    0.235900] Freeing unused kernel image (initmem) memory: 2320K
[0-   12.445230] systemd[1]: systemd 252 running in system mode
[1-   12.512340] systemd[1]: Detected architecture x86-64.
[2-   13.001200] systemd-udevd[312]: starting version 252
[0-   14.332100] input: AT Translated Set 2 keyboard as /devices/platform/i8042
[3-   15.441200] usb 1-1: new high-speed USB device number 2 using xhci_hcd
[1-   15.552300] usb 1-1: New USB device found, idVendor=046d, idProduct=c52b
[0-   16.112300] EXT4-fs (sda3): mounted filesystem with ordered data mode
[2-   17.334500] Intel(R) Wireless WiFi driver for Linux
[0-   18.002300] wlan0: renamed from wlp3s0
[1- 3542.112300] ata2: exception Emask 0x0 SAct 0x0 SErr 0x0 action 0x6 frozen
[2- 3542.112400] ata2.00: failed command: WRITE FPDMA QUEUED
[1- 3542.112450] ata2.00: cmd 61/08:00:d0:5a:2b/00:00:1c:00:00/40 tag 0 ncq dma 4096 out
[1- 3542.112460]          res 40/00:00:00:00:00/00:00:00:00:00/00 Emask 0x4 (timeout)
[0- 3542.112500] ata2.00: status: { DRDY }
[3- 3542.112550] ata2: hard resetting link
[2- 3542.613200] ata2: SATA link up 3.0 Gbps (SStatus 123 SControl 300)
[1- 3542.623400] ata2.00: configured for UDMA/133
[0- 3542.623500] ata2: EH complete
[2- 3545.334100] ata2: exception Emask 0x0 SAct 0x0 SErr 0x0 action 0x6 frozen
[3- 3545.334150] ata2.00: failed command: READ FPDMA QUEUED
[2- 3545.334200] ata2.00: cmd 60/08:08:d8:5a:2b/00:00:1c:00:00/40 tag 1 ncq dma 4096 in
[2- 3545.334210]          res 40/00:00:00:00:00/00:00:00:00:00/00 Emask 0x4 (timeout)
[1- 3545.334250] ata2.00: status: { DRDY }
[0- 3545.334300] ata2: hard resetting link
[3- 3545.845600] ata2: SATA link up 3.0 Gbps (SStatus 123 SControl 300)
[2- 3545.855800] ata2.00: configured for UDMA/133
[1- 3545.855900] ata2: EH complete
[3- 3548.001200] ata2: exception Emask 0x0 SAct 0x0 SErr 0x0 action 0x6 frozen
[0- 3548.001250] ata2.00: failed command: WRITE FPDMA QUEUED
[3- 3548.001300] ata2.00: cmd 61/10:10:a0:6c:2b/00:00:1c:00:00/40 tag 2 ncq dma 8192 out
[3- 3548.001310]          res 40/00:00:00:00:00/00:00:00:00:00/00 Emask 0x4 (timeout)
[2- 3548.001350] ata2.00: status: { DRDY }
[1- 3548.001400] ata2: hard resetting link
[0- 3548.512700] ata2: SATA link up 3.0 Gbps (SStatus 123 SControl 300)
[3- 3548.522900] ata2.00: configured for UDMA/133
[2- 3548.523000] ata2: EH complete
[1- 3549.112400] ata2: exception Emask 0x0 SAct 0x0 SErr 0x0 action 0x6 frozen
[0- 3549.112450] ata2.00: failed command: READ FPDMA QUEUED
[1- 3549.112500] ata2.00: cmd 60/08:18:b0:6c:2b/00:00:1c:00:00/40 tag 3 ncq dma 4096 in
[1- 3549.112510]          res 40/00:00:00:00:00/00:00:00:00:00/00 Emask 0x4 (timeout)
[2- 3549.112550] ata2.00: status: { DRDY }
[3- 3549.112600] ata2: hard resetting link
[0- 3549.623900] ata2: SATA link up 3.0 Gbps (SStatus 123 SControl 300)
[1- 3549.634100] ata2.00: configured for UDMA/133
[2- 3549.634200] ata2: EH complete
[3- 3550.002300] sd 1:0:0:0: [sdb] tag#3 FAILED Result: hostbyte=DID_OK driverbyte=DRIVER_OK
[2- 3550.002350] sd 1:0:0:0: [sdb] tag#3 Sense Key : Medium Error [current]
[1- 3550.002400] sd 1:0:0:0: [sdb] tag#3 Add. Sense: Unrecovered read error - auto reallocate failed
[0- 3550.002450] sd 1:0:0:0: [sdb] tag#3 CDB: Read(10) 28 00 1c 2b 6c b8 00 00 08 00
[3- 3550.002500] print_req_error: I/O error, dev sdb, sector 472037560 flags 0
[2- 3550.002550] Buffer I/O error on dev sdb, logical block 59004695, async page read
[1- 3550.445600] EXT4-fs error (device sdb): ext4_find_entry:1455: inode #131073: comm kworker: reading directory lblock 0
[3- 3551.334100] ata2: exception Emask 0x0 SAct 0x0 SErr 0x0 action 0x6 frozen
[0- 3551.334150] ata2.00: failed command: WRITE FPDMA QUEUED
[3- 3551.334200] ata2.00: cmd 61/08:20:c0:7d:2b/00:00:1c:00:00/40 tag 4 ncq dma 4096 out
[3- 3551.334210]          res 40/00:00:00:00:00/00:00:00:00:00/00 Emask 0x4 (timeout)
[2- 3551.334250] ata2.00: status: { DRDY }
[1- 3551.334300] ata2: hard resetting link
[0- 3551.845600] ata2: SATA link up 3.0 Gbps (SStatus 123 SControl 300)
[3- 3551.855800] ata2.00: configured for UDMA/133
[2- 3551.855900] ata2: EH complete
[1- 3552.001200] sd 1:0:0:0: [sdb] tag#4 FAILED Result: hostbyte=DID_OK driverbyte=DRIVER_OK
[0- 3552.001250] sd 1:0:0:0: [sdb] tag#4 Sense Key : Hardware Error [current]
[3- 3552.001300] sd 1:0:0:0: [sdb] tag#4 Add. Sense: Internal target failure
[2- 3552.001350] print_req_error: I/O error, dev sdb, sector 472105984 flags 0
[1- 3552.001400] Buffer I/O error on dev sdb, logical block 59013248, async page read
[0- 3552.445600] EXT4-fs error (device sdb): ext4_journal_check_start:61: Detected aborted journal
[3- 3552.445650] EXT4-fs (sdb1): delayed block allocation failed for inode 196611 at logical offset 0 with max blocks 8 with error -5
[2- 3552.445700] EXT4-fs (sdb1): This should not happen!! Data will be lost
[1- 3553.002300] ata2: limiting SATA link speed to 1.5 Gbps
[0- 3553.112400] end_request: I/O error, dev sdb, sector 472037560
[3- 3560.334500] ata2: exception Emask 0x0 SAct 0x0 SErr 0x0 action 0x6 frozen
[2- 3560.334550] ata2: hard resetting link
[1- 3560.845800] ata2: SATA link down, 0x0 (SStatus 0 SControl 300)
[0- 3560.845900] ata2.00: disabled
[3- 3560.846000] ata2: EH complete
[2- 3561.002100] sd 1:0:0:0: [sdb] Synchronize Cache(10) failed: Result: hostbyte=DID_BAD_TARGET driverbyte=DRIVER_OK
